---
source: crates/scrap4rs/tests/parser_snapshots.rs
expression: file
---
path: tests/fixtures/opt_outs/allows.rs
tests:
  - identity:
      file_path: tests/fixtures/opt_outs/allows.rs
      qualified_name: allows_no_asserts
      span:
        start_line: 13
        end_line: 15
        start_column: 1
        end_column: 25
    attributes:
      - name: test
        raw: ~
    assertions: []
    body_line_count: 0
    implicit_assertion_sources: []
    opt_outs:
      - no_asserts
    behavioral_facts: []
  - identity:
      file_path: tests/fixtures/opt_outs/allows.rs
      qualified_name: allows_tautology
      span:
        start_line: 17
        end_line: 19
        start_column: 1
        end_column: 24
    attributes:
      - name: test
        raw: ~
    assertions: []
    body_line_count: 0
    implicit_assertion_sources: []
    opt_outs:
      - tautology
    behavioral_facts: []
  - identity:
      file_path: tests/fixtures/opt_outs/allows.rs
      qualified_name: allows_no_op
      span:
        start_line: 21
        end_line: 23
        start_column: 1
        end_column: 20
    attributes:
      - name: test
        raw: ~
    assertions: []
    body_line_count: 0
    implicit_assertion_sources: []
    opt_outs:
      - no_op
    behavioral_facts: []
  - identity:
      file_path: tests/fixtures/opt_outs/allows.rs
      qualified_name: allows_two_keys
      span:
        start_line: 27
        end_line: 29
        start_column: 1
        end_column: 23
    attributes:
      - name: test
        raw: ~
    assertions: []
    body_line_count: 0
    implicit_assertion_sources: []
    opt_outs:
      - tautology
      - no_op
    behavioral_facts: []
  - identity:
      file_path: tests/fixtures/opt_outs/allows.rs
      qualified_name: no_opt_outs
      span:
        start_line: 34
        end_line: 36
        start_column: 1
        end_column: 19
    attributes:
      - name: test
        raw: ~
    assertions: []
    body_line_count: 0
    implicit_assertion_sources: []
    opt_outs: []
    behavioral_facts: []
diagnostics: []
